2026-01-30 12:31:57.938 +05:30 [ERR] Unhandled exception
System.TypeLoadException: Could not load type 'STAapi.Models.SecurityTypeDtlModel' from assembly 'STAapi, Version=1.0.0.0, Culture=neutral, PublicKeyToken=null' due to value type mismatch.
   at System.Signature.GetSignature(Void* pCorSig, Int32 cCorSig, RuntimeFieldHandleInternal fieldHandle, IRuntimeMethodInfo methodHandle, RuntimeType declaringType)
   at System.Reflection.RuntimeMethodInfo.<get_Signature>g__LazyCreateSignature|25_0()
   at System.Reflection.RuntimePropertyInfo.GetIndexParametersNoCopy()
   at System.Reflection.RuntimePropertyInfo.GetIndexParameters()
   at System.Text.Json.Serialization.Metadata.DefaultJsonTypeInfoResolver.AddMembersDeclaredBySuperType(JsonTypeInfo typeInfo, Type currentType, Boolean constructorHasSetsRequiredMembersAttribute, PropertyHierarchyResolutionState& state)
   at System.Text.Json.Serialization.Metadata.DefaultJsonTypeInfoResolver.PopulateProperties(JsonTypeInfo typeInfo)
   at System.Text.Json.Serialization.Metadata.DefaultJsonTypeInfoResolver.CreateTypeInfoCore(Type type, JsonConverter converter, JsonSerializerOptions options)
   at System.Text.Json.Serialization.Metadata.DefaultJsonTypeInfoResolver.GetTypeInfo(Type type, JsonSerializerOptions options)
   at System.Text.Json.JsonSerializerOptions.GetTypeInfoNoCaching(Type type)
   at System.Text.Json.JsonSerializerOptions.CachingContext.CreateCacheEntry(Type type, CachingContext context)
--- End of stack trace from previous location ---
   at System.Text.Json.JsonSerializerOptions.GetTypeInfoInternal(Type type, Boolean ensureConfigured, Nullable`1 ensureNotNull, Boolean resolveIfMutable, Boolean fallBackToNearestAncestorType)
   at System.Text.Json.JsonSerializerOptions.GetTypeInfoForRootType(Type type, Boolean fallBackToNearestAncestorType)
   at System.Text.Json.JsonSerializer.DeserializeAsync(Stream utf8Json, Type returnType, JsonSerializerOptions options, CancellationToken cancellationToken)
   at Microsoft.AspNetCore.Mvc.Formatters.SystemTextJsonInputFormatter.ReadRequestBodyAsync(InputFormatterContext context, Encoding encoding)
   at Microsoft.AspNetCore.Mvc.Formatters.SystemTextJsonInputFormatter.ReadRequestBodyAsync(InputFormatterContext context, Encoding encoding)
   at Microsoft.AspNetCore.Mvc.ModelBinding.Binders.BodyModelBinder.BindModelAsync(ModelBindingContext bindingContext)
   at Microsoft.AspNetCore.Mvc.ModelBinding.ParameterBinder.BindModelAsync(ActionContext actionContext, IModelBinder modelBinder, IValueProvider valueProvider, ParameterDescriptor parameter, ModelMetadata metadata, Object value, Object container)
   at Microsoft.AspNetCore.Mvc.Controllers.ControllerBinderDelegateProvider.<>c__DisplayClass0_0.<<CreateBinderDelegate>g__Bind|0>d.MoveNext()
--- End of stack trace from previous location ---
   at Microsoft.AspNetCore.Mvc.Infrastructure.ControllerActionInvoker.<InvokeInnerFilterAsync>g__Awaited|13_0(ControllerActionInvoker invoker, Task lastTask, State next, Scope scope, Object state, Boolean isCompleted)
   at Microsoft.AspNetCore.Mvc.Infrastructure.ResourceInvoker.<InvokeFilterPipelineAsync>g__Awaited|20_0(ResourceInvoker invoker, Task lastTask, State next, Scope scope, Object state, Boolean isCompleted)
   at Microsoft.AspNetCore.Mvc.Infrastructure.ResourceInvoker.<InvokeAsync>g__Awaited|17_0(ResourceInvoker invoker, Task task, IDisposable scope)
   at Microsoft.AspNetCore.Mvc.Infrastructure.ResourceInvoker.<InvokeAsync>g__Awaited|17_0(ResourceInvoker invoker, Task task, IDisposable scope)
   at ErrorHandlingMiddleware.Invoke(HttpContext context)
2026-01-30 12:32:31.679 +05:30 [ERR] Unhandled exception
System.TypeLoadException: Could not load type 'STAapi.Models.SecurityTypeDtlModel' from assembly 'STAapi, Version=1.0.0.0, Culture=neutral, PublicKeyToken=null' due to value type mismatch.
   at System.Signature.GetSignature(Void* pCorSig, Int32 cCorSig, RuntimeFieldHandleInternal fieldHandle, IRuntimeMethodInfo methodHandle, RuntimeType declaringType)
   at System.Reflection.RuntimeMethodInfo.<get_Signature>g__LazyCreateSignature|25_0()
   at System.Reflection.RuntimePropertyInfo.GetIndexParametersNoCopy()
   at System.Reflection.RuntimePropertyInfo.GetIndexParameters()
   at System.Text.Json.Serialization.Metadata.DefaultJsonTypeInfoResolver.AddMembersDeclaredBySuperType(JsonTypeInfo typeInfo, Type currentType, Boolean constructorHasSetsRequiredMembersAttribute, PropertyHierarchyResolutionState& state)
   at System.Text.Json.Serialization.Metadata.DefaultJsonTypeInfoResolver.PopulateProperties(JsonTypeInfo typeInfo)
   at System.Text.Json.Serialization.Metadata.DefaultJsonTypeInfoResolver.CreateTypeInfoCore(Type type, JsonConverter converter, JsonSerializerOptions options)
   at System.Text.Json.Serialization.Metadata.DefaultJsonTypeInfoResolver.GetTypeInfo(Type type, JsonSerializerOptions options)
   at System.Text.Json.JsonSerializerOptions.GetTypeInfoNoCaching(Type type)
   at System.Text.Json.JsonSerializerOptions.CachingContext.CreateCacheEntry(Type type, CachingContext context)
--- End of stack trace from previous location ---
   at System.Text.Json.JsonSerializerOptions.GetTypeInfoInternal(Type type, Boolean ensureConfigured, Nullable`1 ensureNotNull, Boolean resolveIfMutable, Boolean fallBackToNearestAncestorType)
   at System.Text.Json.JsonSerializerOptions.GetTypeInfoForRootType(Type type, Boolean fallBackToNearestAncestorType)
   at System.Text.Json.JsonSerializer.DeserializeAsync(Stream utf8Json, Type returnType, JsonSerializerOptions options, CancellationToken cancellationToken)
   at Microsoft.AspNetCore.Mvc.Formatters.SystemTextJsonInputFormatter.ReadRequestBodyAsync(InputFormatterContext context, Encoding encoding)
   at Microsoft.AspNetCore.Mvc.Formatters.SystemTextJsonInputFormatter.ReadRequestBodyAsync(InputFormatterContext context, Encoding encoding)
   at Microsoft.AspNetCore.Mvc.ModelBinding.Binders.BodyModelBinder.BindModelAsync(ModelBindingContext bindingContext)
   at Microsoft.AspNetCore.Mvc.ModelBinding.ParameterBinder.BindModelAsync(ActionContext actionContext, IModelBinder modelBinder, IValueProvider valueProvider, ParameterDescriptor parameter, ModelMetadata metadata, Object value, Object container)
   at Microsoft.AspNetCore.Mvc.Controllers.ControllerBinderDelegateProvider.<>c__DisplayClass0_0.<<CreateBinderDelegate>g__Bind|0>d.MoveNext()
--- End of stack trace from previous location ---
   at Microsoft.AspNetCore.Mvc.Infrastructure.ControllerActionInvoker.<InvokeInnerFilterAsync>g__Awaited|13_0(ControllerActionInvoker invoker, Task lastTask, State next, Scope scope, Object state, Boolean isCompleted)
   at Microsoft.AspNetCore.Mvc.Infrastructure.ResourceInvoker.<InvokeFilterPipelineAsync>g__Awaited|20_0(ResourceInvoker invoker, Task lastTask, State next, Scope scope, Object state, Boolean isCompleted)
   at Microsoft.AspNetCore.Mvc.Infrastructure.ResourceInvoker.<InvokeAsync>g__Awaited|17_0(ResourceInvoker invoker, Task task, IDisposable scope)
   at Microsoft.AspNetCore.Mvc.Infrastructure.ResourceInvoker.<InvokeAsync>g__Awaited|17_0(ResourceInvoker invoker, Task task, IDisposable scope)
   at ErrorHandlingMiddleware.Invoke(HttpContext context)
2026-01-30 12:34:42.140 +05:30 [ERR] An unhandled exception has occurred while executing the request.
Microsoft.AspNetCore.Routing.Matching.AmbiguousMatchException: The request matched multiple endpoints. Matches: 

STAapi.Controllers.DividendMasterController.DividendList (STAapi)
STAapi.Controllers.DividendMasterController.DividendList (STAapi)
   at Microsoft.AspNetCore.Routing.Matching.DefaultEndpointSelector.ReportAmbiguity(Span`1 candidateState)
   at Microsoft.AspNetCore.Routing.Matching.DefaultEndpointSelector.ProcessFinalCandidates(HttpContext httpContext, Span`1 candidateState)
   at Microsoft.AspNetCore.Routing.Matching.DefaultEndpointSelector.Select(HttpContext httpContext, Span`1 candidateState)
   at Microsoft.AspNetCore.Routing.Matching.DfaMatcher.MatchAsync(HttpContext httpContext)
   at Microsoft.AspNetCore.Routing.EndpointRoutingMiddleware.Invoke(HttpContext httpContext)
   at Microsoft.AspNetCore.Diagnostics.DeveloperExceptionPageMiddlewareImpl.Invoke(HttpContext context)
2026-01-30 12:40:03.123 +05:30 [ERR] An unhandled exception has occurred while executing the request.
Microsoft.AspNetCore.Routing.Matching.AmbiguousMatchException: The request matched multiple endpoints. Matches: 

STAapi.Controllers.DividendMasterController.DividendList (STAapi)
STAapi.Controllers.DividendMasterController.DividendList (STAapi)
   at Microsoft.AspNetCore.Routing.Matching.DefaultEndpointSelector.ReportAmbiguity(Span`1 candidateState)
   at Microsoft.AspNetCore.Routing.Matching.DefaultEndpointSelector.ProcessFinalCandidates(HttpContext httpContext, Span`1 candidateState)
   at Microsoft.AspNetCore.Routing.Matching.DefaultEndpointSelector.Select(HttpContext httpContext, Span`1 candidateState)
   at Microsoft.AspNetCore.Routing.Matching.DfaMatcher.MatchAsync(HttpContext httpContext)
   at Microsoft.AspNetCore.Routing.EndpointRoutingMiddleware.Invoke(HttpContext httpContext)
   at Microsoft.AspNetCore.Diagnostics.DeveloperExceptionPageMiddlewareImpl.Invoke(HttpContext context)
2026-01-30 12:52:21.909 +05:30 [ERR] An unhandled exception has occurred while executing the request.
Microsoft.AspNetCore.Routing.Matching.AmbiguousMatchException: The request matched multiple endpoints. Matches: 

STAapi.Controllers.DividendMasterController.DividendList (STAapi)
STAapi.Controllers.DividendMasterController.DividendList (STAapi)
   at Microsoft.AspNetCore.Routing.Matching.DefaultEndpointSelector.ReportAmbiguity(Span`1 candidateState)
   at Microsoft.AspNetCore.Routing.Matching.DefaultEndpointSelector.ProcessFinalCandidates(HttpContext httpContext, Span`1 candidateState)
   at Microsoft.AspNetCore.Routing.Matching.DefaultEndpointSelector.Select(HttpContext httpContext, Span`1 candidateState)
   at Microsoft.AspNetCore.Routing.Matching.DfaMatcher.MatchAsync(HttpContext httpContext)
   at Microsoft.AspNetCore.Routing.EndpointRoutingMiddleware.Invoke(HttpContext httpContext)
   at Microsoft.AspNetCore.Diagnostics.DeveloperExceptionPageMiddlewareImpl.Invoke(HttpContext context)
